[2025-02-22 13:44:27]  Đang nhập bình luận: Bạn nào đã sử dụng Timviec365 chưa? Đánh giá thế nào?
[2025-02-22 13:45:07]  Đang nhập bình luận:  Danh sách ứng viên trên Timviec365 thật sự rất chất lượng!
[2025-02-22 13:45:07]  p_tag: <selenium.webdriver.remote.webelement.WebElement (session="7156200c4e69ad25aec932aed3f48ad8", element="f.9D9C619367161CB2E5746B6E46E00F09.d.6E03E38082C29C3BC6B46C5E4930B800.e.454")>
[2025-02-22 13:45:12]  Bình luận đã được gửi thành công!
[2025-02-22 13:46:07]  Đang nhập bình luận: Công cụ tìm ứng viên của Timviec365 rất tiện lợi, dễ sử dụng!
[2025-02-22 13:46:07]  p_tag: <selenium.webdriver.remote.webelement.WebElement (session="7156200c4e69ad25aec932aed3f48ad8", element="f.9D9C619367161CB2E5746B6E46E00F09.d.6E03E38082C29C3BC6B46C5E4930B800.e.528")>
[2025-02-22 13:46:12]  Bình luận đã được gửi thành công!
[2025-02-22 13:52:07]  Đang nhập bình luận: Bạn nào đã sử dụng Timviec365 chưa? Đánh giá thế nào?
[2025-02-22 13:52:07]  p_tag: <selenium.webdriver.remote.webelement.WebElement (session="6d835148e6dfe57fcb0390d62c44a18c", element="f.A5339D8B8E9B85059A581FD31C82FF5D.d.141E25DADC62E4AD3A26D22F8EF0D4F2.e.323")>
[2025-02-22 13:52:12]  Bình luận đã được gửi thành công!
[2025-02-22 13:56:08]  Đang nhập bình luận: Công cụ tìm ứng viên của Timviec365 rất tiện lợi, dễ sử dụng!
[2025-02-22 13:56:08]  p_tag: <selenium.webdriver.remote.webelement.WebElement (session="f6999e5d0b50b1493fb7e2b28d1aeedc", element="f.140AF76818B6CBFB678905528E7B446F.d.835BCA7C47FFA9B08B6B57D56ADFA89E.e.291")>
[2025-02-22 13:56:14]  Bình luận đã được gửi thành công!
[2025-02-22 14:08:58]  Đang nhập bình luận: Mình đã tìm được ứng viên phù hợp trên Timviec365, mọi người thử xem nhé!
[2025-02-22 14:24:31]  Đang nhập bình luận: Công cụ tìm ứng viên của Timviec365 rất tiện lợi, dễ sử dụng!
[2025-02-22 14:24:31]  p_tag: <selenium.webdriver.remote.webelement.WebElement (session="25273e953c2cb6c115e7bd0d1d8427c9", element="f.A9F03E13DACC5F480A2C38F856C45D07.d.CEA2F7923A76E3D0B410CEA70DB06005.e.354")>
[2025-02-22 14:24:38]  Bình luận đã được gửi thành công!
[2025-02-22 14:29:56]  Đang nhập bình luận:  Danh sách ứng viên trên Timviec365 thật sự rất chất lượng!
[2025-02-22 14:31:07]  Đang nhập bình luận: Mình đã tìm được ứng viên phù hợp trên Timviec365, mọi người thử xem nhé!
[2025-02-22 14:32:38]  Đang nhập bình luận: Công cụ tìm ứng viên của Timviec365 rất tiện lợi, dễ sử dụng!
[2025-02-22 14:40:23]  Đang nhập bình luận: Mình đã tìm được ứng viên phù hợp trên Timviec365, mọi người thử xem nhé!
[2025-02-22 14:44:55]  Đang nhập bình luận: Bạn nào đã sử dụng Timviec365 chưa? Đánh giá thế nào?
[2025-02-22 14:44:56]  p_tag: <selenium.webdriver.remote.webelement.WebElement (session="701e5512c23743d520edd968e687281a", element="f.C7D4486089D5815B23D1C563219A352D.d.CEC61E6E86B161FD488B3E8045A74C32.e.227")>
[2025-02-22 14:45:02]  Bình luận đã được gửi thành công!
[2025-02-22 14:49:20]  Đang nhập bình luận:  Danh sách ứng viên trên Timviec365 thật sự rất chất lượng!
[2025-02-22 14:49:21]  p_tag: <selenium.webdriver.remote.webelement.WebElement (session="352f3e2ffab40841bdc515df66aa5a66", element="f.C3DFBA7C0A9B22B7D103A97DA8AF906D.d.752D0350389216296C07A37224382CA9.e.191")>
[2025-02-22 14:49:27]  Bình luận đã được gửi thành công!
[2025-02-22 15:28:10]  Đang nhập bình luận: Bạn nào đã sử dụng Timviec365 chưa? Đánh giá thế nào?
[2025-02-22 15:29:02]  Đang nhập bình luận: Công cụ tìm ứng viên của Timviec365 rất tiện lợi, dễ sử dụng!
[2025-02-22 15:29:06]  p_tag: <selenium.webdriver.remote.webelement.WebElement (session="cbbc33cfb69e0ac40ef1853051370592", element="f.0D4E8543C7D0B96ADCFF75080ECEBF6A.d.6268091EB2A13D788050C1B9576220F1.e.247")>
[2025-02-22 15:29:13]  Bình luận đã được gửi thành công!
[2025-02-24 08:53:30]  Đang nhập bình luận: Bạn nào đã sử dụng Timviec365 chưa? Đánh giá thế nào?
[2025-02-24 09:07:34]  Đang nhập bình luận: Mình đã tìm được ứng viên phù hợp trên Timviec365, mọi người thử xem nhé!
[2025-02-24 09:09:06]  Đang nhập bình luận: Công cụ tìm ứng viên của Timviec365 rất tiện lợi, dễ sử dụng!
[2025-02-24 09:09:07]  p_tag: <selenium.webdriver.remote.webelement.WebElement (session="2de283e8e742c9d238dcf45296fb0151", element="f.ED5A9123B3891468F39A5C4C5FD6E3D2.d.99C59B1099DC1F011895A7E62081489A.e.186")>
[2025-02-24 09:09:13]  Bình luận đã được gửi thành công!
[2025-02-24 10:37:57]  Đang nhập bình luận: Công cụ tìm ứng viên của Timviec365 rất tiện lợi, dễ sử dụng!
[2025-02-24 10:37:58]  p_tag: <selenium.webdriver.remote.webelement.WebElement (session="a08125aae6d6f226731b7586d5cb23be", element="f.AF19FAE97F782440632C7285AA061F29.d.67FADF77009D39663803FA5992E3D72C.e.251")>
[2025-02-24 10:38:04]  Bình luận đã được gửi thành công!
[2025-02-24 11:43:33]  Đang nhập bình luận: Mình đã tìm được ứng viên phù hợp trên Timviec365, mọi người thử xem nhé!
[2025-02-24 11:43:34]  p_tag: <selenium.webdriver.remote.webelement.WebElement (session="fae39d469fdbb8f76d9620f2a316eb76", element="f.996C91FC0A0F83329F82BF5BB439E645.d.3E080AA0FDEBC76FC64D71B461B96CB9.e.217")>
[2025-02-24 11:43:40]  Bình luận đã được gửi thành công!
[2025-02-24 13:23:48]  Đang nhập bình luận: Bạn nào đã sử dụng Timviec365 chưa? Đánh giá thế nào?
[2025-02-24 13:23:49]  p_tag: <selenium.webdriver.remote.webelement.WebElement (session="27fe5100532392d95fbcf9f911da8909", element="f.DF9EFFE977F4793AC3A9760A6598ADF3.d.1DEF700CA301F4DD6C09A86CC326446D.e.260")>
[2025-02-24 13:23:55]  Bình luận đã được gửi thành công!
[2025-02-24 13:31:44]  Đang nhập bình luận: Bạn nào đã sử dụng Timviec365 chưa? Đánh giá thế nào?
[2025-02-24 13:32:29]  Đang nhập bình luận: Mình đã tìm được ứng viên phù hợp trên Timviec365, mọi người thử xem nhé!
[2025-02-24 13:34:35]  Đang nhập bình luận: Mình đã tìm được ứng viên phù hợp trên Timviec365, mọi người thử xem nhé!
[2025-02-24 13:34:36]  p_tag: <selenium.webdriver.remote.webelement.WebElement (session="ef001b8dea06032e98bbc3ddcb0077ff", element="f.C47781BE201833017DA281311B8848DC.d.816256CC0CD3024B5A5ED698D09578EC.e.238")>
[2025-02-24 13:34:41]  Bình luận đã được gửi thành công!
[2025-02-24 13:35:33]  Đang nhập bình luận: Công cụ tìm ứng viên của Timviec365 rất tiện lợi, dễ sử dụng!
[2025-02-24 13:35:34]  p_tag: <selenium.webdriver.remote.webelement.WebElement (session="ef001b8dea06032e98bbc3ddcb0077ff", element="f.C47781BE201833017DA281311B8848DC.d.816256CC0CD3024B5A5ED698D09578EC.e.309")>
[2025-02-24 13:35:39]  Bình luận đã được gửi thành công!
[2025-02-24 13:37:33]  Đang nhập bình luận:  Danh sách ứng viên trên Timviec365 thật sự rất chất lượng!
[2025-02-24 13:37:34]  p_tag: <selenium.webdriver.remote.webelement.WebElement (session="523e5b5c5325c382f42a283076a903e8", element="f.587144B2D22224A8E596C39E9BF912B9.d.0FCD4A79D9AE26250FC6BA6FF224943B.e.184")>
[2025-02-24 13:37:39]  Bình luận đã được gửi thành công!
[2025-02-24 13:40:25]  Đang nhập bình luận: Công cụ tìm ứng viên của Timviec365 rất tiện lợi, dễ sử dụng!
[2025-02-24 13:40:26]  p_tag: <selenium.webdriver.remote.webelement.WebElement (session="2e562147e8a5c6ffc3a9b49eac465fc6", element="f.4CF6FA7BDCD25088A967238DCD9EC4B1.d.85EC98F07FE0F77F0F0DA5A33E827E09.e.220")>
[2025-02-24 13:40:31]  Bình luận đã được gửi thành công!
